// Vitest Snapshot v1, https://vitest.dev/guide/snapshot.html

exports[`parseCombatLogEvents > should correctly parse encounter: Dimensius, the All-Devouring 1`] = `
{
  "bossName": "Dimensius, the All-Devouring",
  "buffsApplied": [
    "Growing Hunger",
    "Maybe Stop Blowing Up",
    "Explosive Adrenaline",
    "Void Metamorphosis",
    "Elemental Resistance",
    "Soul Fragments",
    "Sheilun's Gift",
    "Yu'lon's Grace",
    "Rejuvenation (Germination)",
    "Renewing Mist",
    "Fission",
    "Voidglass Barrier",
    "Phase Warp",
    "Rejuvenation",
    "Flight Style: Steady",
    "Amplifying Poison",
    "Sign of the Explorer",
    "Winds of Mysterious Fortune",
    "Sign of the Critter",
    "Skyfury",
  ],
  "difficulty": 14,
  "durationSeconds": 21,
  "encounterId": 3135,
  "eventCounts": {
    "COMBATANT_INFO": 23,
    "ENCOUNTER_END": 1,
    "ENCOUNTER_START": 1,
    "SPELL_ABSORBED": 67,
    "SPELL_AURA_APPLIED": 652,
    "SPELL_AURA_REMOVED": 347,
    "SPELL_CAST_START": 5,
    "SPELL_CAST_SUCCESS": 79,
    "SPELL_DAMAGE": 260,
    "SPELL_HEAL": 227,
    "SPELL_MISSED": 14,
    "SPELL_PERIODIC_HEAL": 331,
    "SPELL_SUMMON": 3,
    "SWING_DAMAGE": 2,
    "UNIT_DIED": 15,
  },
  "result": "unknown",
  "size": 23,
  "topDamage": [
    {
      "amount": 771943,
      "name": "Dimensius",
    },
    {
      "amount": 52218,
      "name": "Living Mass",
    },
  ],
  "topHealing": [
    {
      "amount": 148080,
      "name": "Côkinne-MarécagedeZangar-EU",
    },
    {
      "amount": 60664,
      "name": "Кастиэлка-Ревущийфьорд-EU",
    },
    {
      "amount": 44280,
      "name": "Fentix-Antonidas-EU",
    },
    {
      "amount": 24739,
      "name": "Deyanm-Draenor-EU",
    },
    {
      "amount": 19692,
      "name": "Zarkos-DunModr-EU",
    },
  ],
}
`;

exports[`parseCombatLogEvents > should correctly parse encounter: Dimensius, the All-Devouring 2`] = `
{
  "bossName": "Dimensius, the All-Devouring",
  "buffsApplied": [
    "Growing Hunger",
    "Maybe Stop Blowing Up",
    "Explosive Adrenaline",
    "Phase Warp",
    "Void Metamorphosis",
    "Soul Fragments",
    "Yu'lon's Grace",
    "Fission",
    "Ethereal Guard",
    "Rejuvenation",
    "Forged Tenacity",
    "Sheilun's Gift",
    "Shimmer",
    "Coagulating Blood",
    "\\The 50 Verses of Resilience\\",
    "Charged Bolts",
    "Frost Shield",
    "Flurry Charge",
    "Bone Shield",
    "Ossuary",
  ],
  "difficulty": 14,
  "durationSeconds": 21,
  "encounterId": 3135,
  "eventCounts": {
    "COMBATANT_INFO": 23,
    "ENCOUNTER_END": 1,
    "ENCOUNTER_START": 1,
    "SPELL_ABSORBED": 137,
    "SPELL_AURA_APPLIED": 935,
    "SPELL_AURA_REMOVED": 855,
    "SPELL_CAST_START": 35,
    "SPELL_CAST_SUCCESS": 243,
    "SPELL_DAMAGE": 758,
    "SPELL_HEAL": 625,
    "SPELL_MISSED": 103,
    "SPELL_PERIODIC_DAMAGE": 111,
    "SPELL_PERIODIC_HEAL": 497,
    "SPELL_SUMMON": 35,
    "SWING_DAMAGE": 146,
    "SWING_DAMAGE_LANDED": 148,
    "SWING_MISSED": 2,
    "UNIT_DIED": 26,
  },
  "result": "unknown",
  "size": 23,
  "topDamage": [
    {
      "amount": 1516269,
      "name": "Dimensius",
    },
    {
      "amount": 147039,
      "name": "Висмарк-СвежевательДуш-EU",
    },
    {
      "amount": 139034,
      "name": "Mádgéy-Kazzak-EU",
    },
    {
      "amount": 117377,
      "name": "Sdegna-Nemesis-EU",
    },
    {
      "amount": 97403,
      "name": "Zerathis-Arathor-EU",
    },
  ],
  "topHealing": [
    {
      "amount": 254561,
      "name": "Vespién-Ravencrest-EU",
    },
    {
      "amount": 205992,
      "name": "Кастиэлка-Ревущийфьорд-EU",
    },
    {
      "amount": 116573,
      "name": "Deyanm-Draenor-EU",
    },
    {
      "amount": 115778,
      "name": "Fentix-Antonidas-EU",
    },
    {
      "amount": 84036,
      "name": "Dryad",
    },
  ],
}
`;

exports[`parseCombatLogEvents > should correctly parse encounter: Dimensius, the All-Devouring 3`] = `
{
  "bossName": "Dimensius, the All-Devouring",
  "buffsApplied": [
    "Growing Hunger",
    "Maybe Stop Blowing Up",
    "Explosive Adrenaline",
    "Void Metamorphosis",
    "Yu'lon's Grace",
    "Fission",
    "Bone Shield",
    "Ossuary",
    "Dancing Rune Weapon",
    "Blood Mist",
    "Exterminate",
    "Fingers of Frost",
    "Permafrost Lances",
    "Brain Freeze",
    "Brainstorm",
    "Frost Shield",
    "Efflorescence",
    "Lifebloom",
    "Lesser Ghoul",
    "Festering Scythe",
  ],
  "difficulty": 14,
  "durationSeconds": 449,
  "encounterId": 3135,
  "eventCounts": {
    "COMBATANT_INFO": 23,
    "ENCOUNTER_END": 1,
    "ENCOUNTER_START": 1,
    "SPELL_ABSORBED": 2967,
    "SPELL_AURA_APPLIED": 8527,
    "SPELL_AURA_REMOVED": 7825,
    "SPELL_CAST_START": 1350,
    "SPELL_CAST_SUCCESS": 6056,
    "SPELL_DAMAGE": 14392,
    "SPELL_HEAL": 9084,
    "SPELL_MISSED": 2040,
    "SPELL_PERIODIC_DAMAGE": 4606,
    "SPELL_PERIODIC_HEAL": 9004,
    "SPELL_PERIODIC_MISSED": 103,
    "SPELL_SUMMON": 540,
    "SWING_DAMAGE": 4619,
    "SWING_DAMAGE_LANDED": 4662,
    "SWING_MISSED": 261,
    "UNIT_DIED": 303,
    "ZONE_CHANGE": 1,
  },
  "result": "kill",
  "size": 23,
  "topDamage": [
    {
      "amount": 17354604,
      "name": "Dimensius",
    },
    {
      "amount": 5402882,
      "name": "Mádgéy-Kazzak-EU",
    },
    {
      "amount": 4584455,
      "name": "Baynn-Thrall-EU",
    },
    {
      "amount": 4559189,
      "name": "Brunix-Aggra(Português)-EU",
    },
    {
      "amount": 2857763,
      "name": "Zarkos-DunModr-EU",
    },
  ],
  "topHealing": [
    {
      "amount": 13438252,
      "name": "Кастиэлка-Ревущийфьорд-EU",
    },
    {
      "amount": 10238352,
      "name": "Voidwarden",
    },
    {
      "amount": 7716514,
      "name": "Deyanm-Draenor-EU",
    },
    {
      "amount": 4819090,
      "name": "Côkinne-MarécagedeZangar-EU",
    },
    {
      "amount": 2775444,
      "name": "Vespién-Ravencrest-EU",
    },
  ],
}
`;

exports[`parseCombatLogEvents > should correctly parse encounter: Forgeweaver Araz 1`] = `
{
  "bossName": "Forgeweaver Araz",
  "buffsApplied": [
    "Power Word: Fortitude",
    "Void Metamorphosis",
    "Regrowth",
    "Elemental Resistance",
    "Brainstorm",
    "Clearcasting",
    "Kaheti Shadeweaver's Dark Ritual",
    "Renewing Mist",
    "Remorseless Winter",
    "Pillar of Frost",
    "Hit Combo",
    "Combo Strikes: Tiger Palm",
    "Frozen Dominion",
    "Enduring Strength",
    "Old Salt's Bardic Citrine",
    "Teachings of the Monastery",
    "Frost Shield",
    "Ethereal Barrier",
    "Unholy Strength",
    "Killing Machine",
  ],
  "difficulty": 14,
  "durationSeconds": 94,
  "encounterId": 3132,
  "eventCounts": {
    "COMBATANT_INFO": 24,
    "COMBAT_LOG_VERSION": 2,
    "ENCOUNTER_END": 1,
    "ENCOUNTER_START": 1,
    "SPELL_ABSORBED": 443,
    "SPELL_AURA_APPLIED": 4548,
    "SPELL_AURA_REMOVED": 4013,
    "SPELL_CAST_START": 874,
    "SPELL_CAST_SUCCESS": 3902,
    "SPELL_DAMAGE": 9567,
    "SPELL_HEAL": 4917,
    "SPELL_MISSED": 646,
    "SPELL_PERIODIC_DAMAGE": 2622,
    "SPELL_PERIODIC_HEAL": 4596,
    "SPELL_PERIODIC_MISSED": 15,
    "SPELL_SUMMON": 367,
    "SWING_DAMAGE": 3476,
    "SWING_DAMAGE_LANDED": 3490,
    "SWING_MISSED": 178,
    "UNIT_DIED": 200,
    "ZONE_CHANGE": 3,
  },
  "result": "kill",
  "size": 24,
  "topDamage": [
    {
      "amount": 2119673,
      "name": "Mádgéy-Kazzak-EU",
    },
    {
      "amount": 1751043,
      "name": "Brunix-Aggra(Português)-EU",
    },
    {
      "amount": 1707298,
      "name": "Eruani-Drak'thul-EU",
    },
    {
      "amount": 1488843,
      "name": "Baynn-Thrall-EU",
    },
    {
      "amount": 1466620,
      "name": "Xamymage-Kazzak-EU",
    },
  ],
  "topHealing": [
    {
      "amount": 6094352,
      "name": "Deyanm-Draenor-EU",
    },
    {
      "amount": 5706517,
      "name": "Кастиэлка-Ревущийфьорд-EU",
    },
    {
      "amount": 3337440,
      "name": "Fentix-Antonidas-EU",
    },
    {
      "amount": 3324081,
      "name": "Vespién-Ravencrest-EU",
    },
    {
      "amount": 1277299,
      "name": "Côkinne-MarécagedeZangar-EU",
    },
  ],
}
`;

exports[`parseCombatLogEvents > should correctly parse encounter: Fractillus 1`] = `
{
  "bossName": "Fractillus",
  "buffsApplied": [
    "Initiative",
    "Renewing Mist",
    "Elemental Resistance",
    "Regrowth",
    "Ragefire",
    "Dancing Rune Weapon",
    "Blood Mist",
    "Exterminate",
    "Rejuvenation",
    "Shimmer",
    "Coagulating Blood",
    "\\The 50 Verses of Radiance\\",
    "Frost Shield",
    "Araz's Ritual Forge",
    "Brain Freeze",
    "Brainstorm",
    "Fingers of Frost",
    "Ethereal Guard",
    "Rune Carved Plates",
    "Sprint",
  ],
  "difficulty": 14,
  "durationSeconds": 100,
  "encounterId": 3133,
  "eventCounts": {
    "COMBATANT_INFO": 24,
    "ENCOUNTER_END": 1,
    "ENCOUNTER_START": 1,
    "SPELL_ABSORBED": 1733,
    "SPELL_AURA_APPLIED": 10650,
    "SPELL_AURA_REMOVED": 9986,
    "SPELL_CAST_START": 1608,
    "SPELL_CAST_SUCCESS": 7375,
    "SPELL_DAMAGE": 24575,
    "SPELL_DISPEL": 1,
    "SPELL_HEAL": 12800,
    "SPELL_INTERRUPT": 12,
    "SPELL_MISSED": 1164,
    "SPELL_PERIODIC_DAMAGE": 7446,
    "SPELL_PERIODIC_HEAL": 10146,
    "SPELL_PERIODIC_MISSED": 179,
    "SPELL_SUMMON": 708,
    "SWING_DAMAGE": 5710,
    "SWING_DAMAGE_LANDED": 5787,
    "SWING_MISSED": 314,
    "UNIT_DIED": 440,
  },
  "result": "kill",
  "size": 24,
  "topDamage": [
    {
      "amount": 4995736,
      "name": "Mádgéy-Kazzak-EU",
    },
    {
      "amount": 4372987,
      "name": "Eruani-Drak'thul-EU",
    },
    {
      "amount": 4096472,
      "name": "Brunix-Aggra(Português)-EU",
    },
    {
      "amount": 3536273,
      "name": "Sdegna-Nemesis-EU",
    },
    {
      "amount": 3351376,
      "name": "Висмарк-СвежевательДуш-EU",
    },
  ],
  "topHealing": [
    {
      "amount": 11114094,
      "name": "Кастиэлка-Ревущийфьорд-EU",
    },
    {
      "amount": 9744542,
      "name": "Deyanm-Draenor-EU",
    },
    {
      "amount": 7321404,
      "name": "Vespién-Ravencrest-EU",
    },
    {
      "amount": 6333332,
      "name": "Fentix-Antonidas-EU",
    },
    {
      "amount": 3005237,
      "name": "Côkinne-MarécagedeZangar-EU",
    },
  ],
}
`;

exports[`parseCombatLogEvents > should correctly parse encounter: Loom'ithar 1`] = `
{
  "bossName": "Loom'ithar",
  "buffsApplied": [
    "Arcane Overflow",
    "Exterminate",
    "Maybe Stop Blowing Up",
    "Explosive Adrenaline",
    "Void Metamorphosis",
    "Remorseless Winter",
    "Pillar of Frost",
    "Enduring Strength",
    "Mana Tea",
    "Frost Shield",
    "Unholy Strength",
    "Rune Mastery",
    "Regrowth",
    "Lighter Than Air",
    "Araz's Ritual Forge",
    "Stormkeeper",
    "Call of the Ancestors",
    "Rune Carved Plates",
    "Echo of Light",
    "Renewing Mist",
  ],
  "difficulty": 14,
  "durationSeconds": 98,
  "encounterId": 3131,
  "eventCounts": {
    "COMBATANT_INFO": 25,
    "ENCOUNTER_END": 1,
    "ENCOUNTER_START": 1,
    "SPELL_ABSORBED": 3019,
    "SPELL_AURA_APPLIED": 9502,
    "SPELL_AURA_REMOVED": 8818,
    "SPELL_CAST_START": 1446,
    "SPELL_CAST_SUCCESS": 6666,
    "SPELL_DAMAGE": 18097,
    "SPELL_HEAL": 11458,
    "SPELL_INTERRUPT": 3,
    "SPELL_MISSED": 1439,
    "SPELL_PERIODIC_DAMAGE": 5926,
    "SPELL_PERIODIC_HEAL": 9459,
    "SPELL_PERIODIC_MISSED": 584,
    "SPELL_SUMMON": 664,
    "SWING_DAMAGE": 5485,
    "SWING_DAMAGE_LANDED": 5505,
    "SWING_MISSED": 233,
    "UNIT_DIED": 352,
  },
  "result": "kill",
  "size": 25,
  "topDamage": [
    {
      "amount": 4234982,
      "name": "Loom'ithar",
    },
    {
      "amount": 3613519,
      "name": "Mádgéy-Kazzak-EU",
    },
    {
      "amount": 3235986,
      "name": "Baynn-Thrall-EU",
    },
    {
      "amount": 2990192,
      "name": "Brunix-Aggra(Português)-EU",
    },
    {
      "amount": 2924435,
      "name": "Eruani-Drak'thul-EU",
    },
  ],
  "topHealing": [
    {
      "amount": 12174035,
      "name": "Deyanm-Draenor-EU",
    },
    {
      "amount": 9855750,
      "name": "Кастиэлка-Ревущийфьорд-EU",
    },
    {
      "amount": 7141849,
      "name": "Vespién-Ravencrest-EU",
    },
    {
      "amount": 4439164,
      "name": "Fentix-Antonidas-EU",
    },
    {
      "amount": 2496621,
      "name": "Côkinne-MarécagedeZangar-EU",
    },
  ],
}
`;

exports[`parseCombatLogEvents > should correctly parse encounter: Nexus-King Salhadaar 1`] = `
{
  "bossName": "Nexus-King Salhadaar",
  "buffsApplied": [
    "Maybe Stop Blowing Up",
    "Explosive Adrenaline",
    "Void Metamorphosis",
    "Araz's Ritual Forge",
    "Remorseless Winter",
    "Pillar of Frost",
    "One of a Kind",
    "Roll the Bones",
    "Enduring Strength",
    "Lighter Than Air",
    "Chi Torpedo",
    "Fingers of Frost",
    "Brainstorm",
    "Clearcasting",
    "Bone Shield",
    "Ossuary",
    "Dancing Rune Weapon",
    "Blood Mist",
    "Exterminate",
    "Metamorphosis",
  ],
  "difficulty": 14,
  "durationSeconds": 129,
  "encounterId": 3134,
  "eventCounts": {
    "COMBATANT_INFO": 24,
    "ENCOUNTER_END": 1,
    "ENCOUNTER_START": 1,
    "SPELL_ABSORBED": 2282,
    "SPELL_AURA_APPLIED": 6078,
    "SPELL_AURA_REMOVED": 5484,
    "SPELL_CAST_START": 1036,
    "SPELL_CAST_SUCCESS": 4724,
    "SPELL_DAMAGE": 11799,
    "SPELL_HEAL": 7953,
    "SPELL_MISSED": 1368,
    "SPELL_PERIODIC_DAMAGE": 3333,
    "SPELL_PERIODIC_HEAL": 6750,
    "SPELL_PERIODIC_MISSED": 28,
    "SPELL_SUMMON": 418,
    "SWING_DAMAGE": 4244,
    "SWING_DAMAGE_LANDED": 4244,
    "SWING_MISSED": 184,
    "UNIT_DIED": 228,
  },
  "result": "kill",
  "size": 24,
  "topDamage": [
    {
      "amount": 8488581,
      "name": "Nexus-King Salhadaar",
    },
    {
      "amount": 2632612,
      "name": "Eruani-Drak'thul-EU",
    },
    {
      "amount": 2386653,
      "name": "Brunix-Aggra(Português)-EU",
    },
    {
      "amount": 2121465,
      "name": "Cadburyy-Ravencrest-EU",
    },
    {
      "amount": 1952232,
      "name": "Mádgéy-Kazzak-EU",
    },
  ],
  "topHealing": [
    {
      "amount": 8605092,
      "name": "Кастиэлка-Ревущийфьорд-EU",
    },
    {
      "amount": 5353631,
      "name": "Fentix-Antonidas-EU",
    },
    {
      "amount": 4380518,
      "name": "Vespién-Ravencrest-EU",
    },
    {
      "amount": 3402081,
      "name": "Deyanm-Draenor-EU",
    },
    {
      "amount": 2236466,
      "name": "Nexus-King Salhadaar",
    },
  ],
}
`;

exports[`parseCombatLogEvents > should correctly parse encounter: Plexus Sentinel 1`] = `
{
  "bossName": "Plexus Sentinel",
  "buffsApplied": [
    "Powered Automaton",
    "Void Metamorphosis",
    "Lighter Than Air",
    "Shadowstep",
    "Stealth",
    "Efflorescence",
    "Lifebloom",
    "Dispersion",
    "Improved Garrote",
    "Thunder Focus Tea",
    "Heart of the Jade Serpent",
    "Brainstorm",
    "Clearcasting",
    "Rune Carved Plates",
    "Remorseless Winter",
    "Pillar of Frost",
    "Maybe Stop Blowing Up",
    "Explosive Adrenaline",
    "Enduring Strength",
    "Frost Shield",
  ],
  "difficulty": 14,
  "durationSeconds": 104,
  "encounterId": 3129,
  "eventCounts": {
    "COMBATANT_INFO": 25,
    "ENCOUNTER_END": 1,
    "ENCOUNTER_START": 1,
    "SPELL_ABSORBED": 3422,
    "SPELL_AURA_APPLIED": 9863,
    "SPELL_AURA_REMOVED": 9501,
    "SPELL_CAST_START": 1459,
    "SPELL_CAST_SUCCESS": 6817,
    "SPELL_DAMAGE": 20629,
    "SPELL_HEAL": 11838,
    "SPELL_INTERRUPT": 14,
    "SPELL_MISSED": 1836,
    "SPELL_PERIODIC_DAMAGE": 7459,
    "SPELL_PERIODIC_HEAL": 9350,
    "SPELL_PERIODIC_MISSED": 660,
    "SPELL_SUMMON": 623,
    "SWING_DAMAGE": 5195,
    "SWING_DAMAGE_LANDED": 5461,
    "SWING_MISSED": 548,
    "UNIT_DIED": 319,
  },
  "result": "kill",
  "size": 25,
  "topDamage": [
    {
      "amount": 4549080,
      "name": "Eruani-Drak'thul-EU",
    },
    {
      "amount": 3596358,
      "name": "Mádgéy-Kazzak-EU",
    },
    {
      "amount": 3368792,
      "name": "Plexus Sentinel",
    },
    {
      "amount": 2944766,
      "name": "Brunix-Aggra(Português)-EU",
    },
    {
      "amount": 2941308,
      "name": "Baynn-Thrall-EU",
    },
  ],
  "topHealing": [
    {
      "amount": 8835242,
      "name": "Deyanm-Draenor-EU",
    },
    {
      "amount": 7534678,
      "name": "Fentix-Antonidas-EU",
    },
    {
      "amount": 5051056,
      "name": "Vespién-Ravencrest-EU",
    },
    {
      "amount": 4314040,
      "name": "Кастиэлка-Ревущийфьорд-EU",
    },
    {
      "amount": 2757308,
      "name": "Côkinne-MarécagedeZangar-EU",
    },
  ],
}
`;

exports[`parseCombatLogEvents > should correctly parse encounter: Soulbinder Naazindhri 1`] = `
{
  "bossName": "Soulbinder Naazindhri",
  "buffsApplied": [
    "Void Metamorphosis",
    "Brainstorm",
    "Clearcasting",
    "Araz's Ritual Forge",
    "Regrowth",
    "One of a Kind",
    "Roll the Bones",
    "Stormkeeper",
    "Call of the Ancestors",
    "Zen Pulse",
    "Frostfire Empowerment",
    "Bloodlust",
    "Renewing Mist",
    "Bone Shield",
    "Ossuary",
    "Dancing Rune Weapon",
    "Blood Mist",
    "Exterminate",
    "Icicles",
    "Enveloping Mist",
  ],
  "difficulty": 14,
  "durationSeconds": 105,
  "encounterId": 3130,
  "eventCounts": {
    "COMBATANT_INFO": 25,
    "ENCOUNTER_END": 1,
    "ENCOUNTER_START": 1,
    "SPELL_ABSORBED": 6209,
    "SPELL_AURA_APPLIED": 9753,
    "SPELL_AURA_REMOVED": 9138,
    "SPELL_CAST_START": 1674,
    "SPELL_CAST_SUCCESS": 7525,
    "SPELL_DAMAGE": 17814,
    "SPELL_DISPEL": 6,
    "SPELL_HEAL": 9654,
    "SPELL_INTERRUPT": 3,
    "SPELL_MISSED": 4134,
    "SPELL_PERIODIC_DAMAGE": 6582,
    "SPELL_PERIODIC_HEAL": 8820,
    "SPELL_PERIODIC_MISSED": 1036,
    "SPELL_SUMMON": 709,
    "SWING_DAMAGE": 5442,
    "SWING_DAMAGE_LANDED": 6284,
    "SWING_MISSED": 1088,
    "UNIT_DIED": 438,
  },
  "result": "kill",
  "size": 25,
  "topDamage": [
    {
      "amount": 4243861,
      "name": "Mádgéy-Kazzak-EU",
    },
    {
      "amount": 3446121,
      "name": "Eruani-Drak'thul-EU",
    },
    {
      "amount": 2909362,
      "name": "Sdegna-Nemesis-EU",
    },
    {
      "amount": 2737593,
      "name": "Frénézie-Elune-EU",
    },
    {
      "amount": 2425201,
      "name": "Willòwí-Draenor-EU",
    },
  ],
  "topHealing": [
    {
      "amount": 9924912,
      "name": "Кастиэлка-Ревущийфьорд-EU",
    },
    {
      "amount": 7734562,
      "name": "Deyanm-Draenor-EU",
    },
    {
      "amount": 4328813,
      "name": "Vespién-Ravencrest-EU",
    },
    {
      "amount": 4219208,
      "name": "Fentix-Antonidas-EU",
    },
    {
      "amount": 2786287,
      "name": "Côkinne-MarécagedeZangar-EU",
    },
  ],
}
`;

exports[`parseCombatLogEvents > should correctly parse encounter: The Soul Hunters 1`] = `
{
  "bossName": "The Soul Hunters",
  "buffsApplied": [
    "Immolation Aura",
    "Renewing Mist",
    "Prayer of Mending",
    "Maybe Stop Blowing Up",
    "Explosive Adrenaline",
    "Regrowth",
    "Remorseless Winter",
    "Pillar of Frost",
    "Soul Fragments",
    "Rejuvenation (Germination)",
    "Enduring Strength",
    "Sheilun's Gift",
    "Lighter Than Air",
    "Mana Tea",
    "Yu'lon's Grace",
    "Brainstorm",
    "Clearcasting",
    "Stormkeeper",
    "Call of the Ancestors",
    "Rune Carved Plates",
  ],
  "difficulty": 14,
  "durationSeconds": 140,
  "encounterId": 3122,
  "eventCounts": {
    "COMBATANT_INFO": 24,
    "ENCOUNTER_END": 1,
    "ENCOUNTER_START": 1,
    "SPELL_ABSORBED": 3529,
    "SPELL_AURA_APPLIED": 8529,
    "SPELL_AURA_REMOVED": 8132,
    "SPELL_CAST_START": 1485,
    "SPELL_CAST_SUCCESS": 6582,
    "SPELL_DAMAGE": 26547,
    "SPELL_DISPEL": 12,
    "SPELL_HEAL": 11192,
    "SPELL_INTERRUPT": 2,
    "SPELL_MISSED": 2359,
    "SPELL_PERIODIC_DAMAGE": 7963,
    "SPELL_PERIODIC_HEAL": 8740,
    "SPELL_PERIODIC_MISSED": 324,
    "SPELL_SUMMON": 615,
    "SWING_DAMAGE": 5547,
    "SWING_DAMAGE_LANDED": 5664,
    "SWING_MISSED": 431,
    "UNIT_DIED": 351,
  },
  "result": "kill",
  "size": 24,
  "topDamage": [
    {
      "amount": 4354968,
      "name": "Brunix-Aggra(Português)-EU",
    },
    {
      "amount": 3798881,
      "name": "Mádgéy-Kazzak-EU",
    },
    {
      "amount": 3777154,
      "name": "Xamymage-Kazzak-EU",
    },
    {
      "amount": 3087927,
      "name": "Ancestor",
    },
    {
      "amount": 3052278,
      "name": "Zarkos-DunModr-EU",
    },
  ],
  "topHealing": [
    {
      "amount": 6533809,
      "name": "Deyanm-Draenor-EU",
    },
    {
      "amount": 5532090,
      "name": "Кастиэлка-Ревущийфьорд-EU",
    },
    {
      "amount": 4948758,
      "name": "Vespién-Ravencrest-EU",
    },
    {
      "amount": 4195629,
      "name": "Fentix-Antonidas-EU",
    },
    {
      "amount": 2530042,
      "name": "Côkinne-MarécagedeZangar-EU",
    },
  ],
}
`;
