// Vitest Snapshot v1, https://vitest.dev/guide/snapshot.html

exports[`parseCombatLogEvents > should correctly parse encounter: Plexus Sentinel 1`] = `
{
  "bossName": "Plexus Sentinel",
  "buffsApplied": [
    "Powered Automaton",
    "Void Metamorphosis",
    "Lighter Than Air",
    "Shadowstep",
    "Stealth",
    "Efflorescence",
    "Lifebloom",
    "Dispersion",
    "Improved Garrote",
    "Thunder Focus Tea",
    "Heart of the Jade Serpent",
    "Brainstorm",
    "Clearcasting",
    "Rune Carved Plates",
    "Remorseless Winter",
    "Pillar of Frost",
    "Maybe Stop Blowing Up",
    "Explosive Adrenaline",
    "Enduring Strength",
    "Frost Shield",
  ],
  "difficulty": 14,
  "durationSeconds": 104,
  "encounterId": 3129,
  "eventCounts": {
    "COMBATANT_INFO": 25,
    "ENCOUNTER_END": 1,
    "ENCOUNTER_START": 1,
    "SPELL_ABSORBED": 3422,
    "SPELL_AURA_APPLIED": 9863,
    "SPELL_AURA_REMOVED": 9501,
    "SPELL_CAST_START": 1459,
    "SPELL_CAST_SUCCESS": 6817,
    "SPELL_DAMAGE": 20629,
    "SPELL_HEAL": 11838,
    "SPELL_INTERRUPT": 14,
    "SPELL_MISSED": 1836,
    "SPELL_PERIODIC_DAMAGE": 7459,
    "SPELL_PERIODIC_HEAL": 9350,
    "SPELL_PERIODIC_MISSED": 660,
    "SPELL_SUMMON": 623,
    "SWING_DAMAGE": 5195,
    "SWING_DAMAGE_LANDED": 5461,
    "SWING_MISSED": 548,
    "UNIT_DIED": 319,
  },
  "result": "kill",
  "size": 25,
  "topDamage": [
    {
      "amount": 4549080,
      "name": "Eruani-Drak'thul-EU",
    },
    {
      "amount": 3596358,
      "name": "Mádgéy-Kazzak-EU",
    },
    {
      "amount": 3368792,
      "name": "Plexus Sentinel",
    },
    {
      "amount": 2944766,
      "name": "Brunix-Aggra(Português)-EU",
    },
    {
      "amount": 2941308,
      "name": "Baynn-Thrall-EU",
    },
  ],
  "topHealing": [
    {
      "amount": 8835242,
      "name": "Deyanm-Draenor-EU",
    },
    {
      "amount": 7534678,
      "name": "Fentix-Antonidas-EU",
    },
    {
      "amount": 5051056,
      "name": "Vespién-Ravencrest-EU",
    },
    {
      "amount": 4314040,
      "name": "Кастиэлка-Ревущийфьорд-EU",
    },
    {
      "amount": 2757308,
      "name": "Côkinne-MarécagedeZangar-EU",
    },
  ],
}
`;
